Usage: idevice_id [OPTIONS] [UDID]
Prints device name or a list of attached devices.

  The UDID is a 40-digit hexadecimal number of the device
  for which the name should be retrieved.

  -l, --list		list UDID of all attached devices
  -d, --debug		enable communication debugging
  -h, --help		prints usage information

Homepage: <http://libimobiledevice.org>
