{
  "devices" : {
    "iOS 10.1" : [
      {
        "state" : "Booted",
        "availability" : "(available)",
        "name" : "iPhone 6s",
        "udid" : "AA8FFDB0-593A-44E4-A927-8E49A138BDA5"
      }
    ]
  }
}
