Mar  8 11:59:38 flutter-macpro hello_flutter[60434]: Diagnostic server listening on http://127.0.0.1:64939
Mar  8 11:59:38 flutter-macpro hello_flutter[60434]: Observatory listening on http://127.0.0.1:8100/
